// Jest Snapshot v1, https://goo.gl/fbAQLP

exports[`Product card test should render correctly with image 1`] = `
<DocumentFragment>
  <div
    class="product-card"
  >
    <div
      class="product-card__text"
    >
      <h2
        class="product-card__name"
      >
        Test product 1
      </h2>
      <div
        class="product-card__description"
      >
        Description of test product 1
      </div>
      <h1
        class="product-card__price"
      >
        300 $
      </h1>
      <div
        class="product-card__category"
      >
        Для дома
      </div>
    </div>
    <img
      alt="Test product 1"
      class="product-card__image"
      src="/iphone.png"
    />
  </div>
</DocumentFragment>
`;

exports[`Product card test should render correctly without image 1`] = `
<DocumentFragment>
  <div
    class="product-card"
  >
    <div
      class="product-card__text"
    >
      <h2
        class="product-card__name"
      >
        Test product 1
      </h2>
      <div
        class="product-card__description"
      >
        Description of test product 1
      </div>
      <h1
        class="product-card__price"
      >
        300 $
      </h1>
      <div
        class="product-card__category"
      >
        Для дома
      </div>
    </div>
  </div>
</DocumentFragment>
`;
